﻿
  [39;41;1m FAIL [39;49;22m[39m Tests\Feature\DendaSettingTest[39m
  [32;1mΓ£ô[39;22m[90m [39m[90madmin can view denda settings[39m[90m                                       [39m [90m0.27s[39m  
  [31;1mΓ¿»[39;22m[90m [39m[90madmin can update denda settings[39m[90m                                     [39m [90m0.52s[39m  
  [32;1mΓ£ô[39;22m[90m [39m[90muser cannot access denda settings[39m[90m                                   [39m [90m0.02s[39m  
  [31;1mΓ¿»[39;22m[90m [39m[90mdefault denda setting exists[39m[90m                                        [39m [90m0.01s[39m  
  [31mΓöÇΓöÇΓöÇΓöÇΓöÇΓöÇΓöÇΓöÇΓöÇΓöÇΓöÇΓöÇΓöÇΓöÇΓöÇΓöÇΓöÇΓöÇΓöÇΓöÇΓöÇΓöÇΓöÇΓöÇΓöÇΓöÇΓöÇΓöÇΓöÇΓöÇΓöÇΓöÇΓöÇΓöÇΓöÇΓöÇΓöÇΓöÇΓöÇΓöÇΓöÇΓöÇΓöÇΓöÇΓöÇΓöÇΓöÇΓöÇΓöÇΓöÇΓöÇΓöÇΓöÇΓöÇΓöÇΓöÇΓöÇΓöÇΓöÇΓöÇΓöÇΓöÇΓöÇΓöÇΓöÇΓöÇΓöÇΓöÇΓöÇΓöÇΓöÇΓöÇΓöÇΓöÇΓöÇΓöÇ[39m  
  [41;1m FAILED [49;22m [1mTests\Feature\DendaSettingTest[22m [90m>[39m admin can update denda settings     
[39;1m  Expected response status code [201, 301, 302, 303, 307, 308] but received 500.
Failed asserting that false is true.

The following exception occurred during the last request:

BadMethodCallException: Method Illuminate\Http\Request::validated does not exist. in C:\laragon\www\peminjaman-buku\vendor\laravel\framework\src\Illuminate\Macroable\Traits\Macroable.php:117
Stack trace:
#0 C:\laragon\www\peminjaman-buku\app\Http\Controllers\admin\DendaSettingController.php(37): Illuminate\Http\Request->__call('validated', Array)
#1 C:\laragon\www\peminjaman-buku\vendor\laravel\framework\src\Illuminate\Routing\ControllerDispatcher.php(46): App\Http\Controllers\Admin\DendaSettingController->update(Object(Illuminate\Http\Request))
#2 C:\laragon\www\peminjaman-buku\vendor\laravel\framework\src\Illuminate\Routing\Route.php(269): Illuminate\Routing\ControllerDispatcher->dispatch(Object(Illuminate\Routing\Route), Object(App\Http\Controllers\Admin\DendaSettingController), 'update')
#3 C:\laragon\www\peminjaman-buku\vendor\laravel\framework\src\Illuminate\Routing\Route.php(215): Illuminate\Routing\Route->runController()
#4 C:\laragon\www\peminjaman-buku\vendor\laravel\framework\src\Illuminate\Routing\Router.php(822): Illuminate\Routing\Route->run()
#5 C:\laragon\www\peminjaman-buku\vendor\laravel\framework\src\Illuminate\Pipeline\Pipeline.php(180): Illuminate\Routing\Router->Illuminate\Routing\{closure}(Object(Illuminate\Http\Request))
#6 C:\laragon\www\peminjaman-buku\app\Http\Middleware\AdminMiddleware.php(14): Illuminate\Pipeline\Pipeline->Illuminate\Pipeline\{closure}(Object(Illuminate\Http\Request))
#7 C:\laragon\www\peminjaman-buku\vendor\laravel\framework\src\Illuminate\Pipeline\Pipeline.php(219): App\Http\Middleware\AdminMiddleware->handle(Object(Illuminate\Http\Request), Object(Closure))
#8 C:\laragon\www\peminjaman-buku\vendor\laravel\framework\src\Illuminate\Routing\Middleware\SubstituteBindings.php(52): Illuminate\Pipeline\Pipeline->Illuminate\Pipeline\{closure}(Object(Illuminate\Http\Request))
#9 C:\laragon\www\peminjaman-buku\vendor\laravel\framework\src\Illuminate\Pipeline\Pipeline.php(219): Illuminate\Routing\Middleware\SubstituteBindings->handle(Object(Illuminate\Http\Request), Object(Closure))
#10 C:\laragon\www\peminjaman-buku\vendor\laravel\framework\src\Illuminate\Auth\Middleware\Authenticate.php(63): Illuminate\Pipeline\Pipeline->Illuminate\Pipeline\{closure}(Object(Illuminate\Http\Request))
#11 C:\laragon\www\peminjaman-buku\vendor\laravel\framework\src\Illuminate\Pipeline\Pipeline.php(219): Illuminate\Auth\Middleware\Authenticate->handle(Object(Illuminate\Http\Request), Object(Closure))
#12 C:\laragon\www\peminjaman-buku\vendor\laravel\framework\src\Illuminate\Foundation\Http\Middleware\PreventRequestForgery.php(104): Illuminate\Pipeline\Pipeline->Illuminate\Pipeline\{closure}(Object(Illuminate\Http\Request))
#13 C:\laragon\www\peminjaman-buku\vendor\laravel\framework\src\Illuminate\Pipeline\Pipeline.php(219): Illuminate\Foundation\Http\Middleware\PreventRequestForgery->handle(Object(Illuminate\Http\Request), Object(Closure))
#14 C:\laragon\www\peminjaman-buku\vendor\laravel\framework\src\Illuminate\View\Middleware\ShareErrorsFromSession.php(48): Illuminate\Pipeline\Pipeline->Illuminate\Pipeline\{closure}(Object(Illuminate\Http\Request))
#15 C:\laragon\www\peminjaman-buku\vendor\laravel\framework\src\Illuminate\Pipeline\Pipeline.php(219): Illuminate\View\Middleware\ShareErrorsFromSession->handle(Object(Illuminate\Http\Request), Object(Closure))
#16 C:\laragon\www\peminjaman-buku\vendor\laravel\framework\src\Illuminate\Session\Middleware\StartSession.php(120): Illuminate\Pipeline\Pipeline->Illuminate\Pipeline\{closure}(Object(Illuminate\Http\Request))
#17 C:\laragon\www\peminjaman-buku\vendor\laravel\framework\src\Illuminate\Session\Middleware\StartSession.php(63): Illuminate\Session\Middleware\StartSession->handleStatefulRequest(Object(Illuminate\Http\Request), Object(Illuminate\Session\Store), Object(Closure))
#18 C:\laragon\www\peminjaman-buku\vendor\laravel\framework\src\Illuminate\Pipeline\Pipeline.php(219): Illuminate\Session\Middleware\StartSession->handle(Object(Illuminate\Http\Request), Object(Closure))
#19 C:\laragon\www\peminjaman-buku\vendor\laravel\framework\src\Illuminate\Cookie\Middleware\AddQueuedCookiesToResponse.php(36): Illuminate\Pipeline\Pipeline->Illuminate\Pipeline\{closure}(Object(Illuminate\Http\Request))
#20 C:\laragon\www\peminjaman-buku\vendor\laravel\framework\src\Illuminate\Pipeline\Pipeline.php(219): Illuminate\Cookie\Middleware\AddQueuedCookiesToResponse->handle(Object(Illuminate\Http\Request), Object(Closure))
#21 C:\laragon\www\peminjaman-buku\vendor\laravel\framework\src\Illuminate\Cookie\Middleware\EncryptCookies.php(74): Illuminate\Pipeline\Pipeline->Illuminate\Pipeline\{closure}(Object(Illuminate\Http\Request))
#22 C:\laragon\www\peminjaman-buku\vendor\laravel\framework\src\Illuminate\Pipeline\Pipeline.php(219): Illuminate\Cookie\Middleware\EncryptCookies->handle(Object(Illuminate\Http\Request), Object(Closure))
#23 C:\laragon\www\peminjaman-buku\vendor\laravel\framework\src\Illuminate\Pipeline\Pipeline.php(137): Illuminate\Pipeline\Pipeline->Illuminate\Pipeline\{closure}(Object(Illuminate\Http\Request))
#24 C:\laragon\www\peminjaman-buku\vendor\laravel\framework\src\Illuminate\Routing\Router.php(821): Illuminate\Pipeline\Pipeline->then(Object(Closure))
#25 C:\laragon\www\peminjaman-buku\vendor\laravel\framework\src\Illuminate\Routing\Router.php(800): Illuminate\Routing\Router->runRouteWithinStack(Object(Illuminate\Routing\Route), Object(Illuminate\Http\Request))
#26 C:\laragon\www\peminjaman-buku\vendor\laravel\framework\src\Illuminate\Routing\Router.php(764): Illuminate\Routing\Router->runRoute(Object(Illuminate\Http\Request), Object(Illuminate\Routing\Route))
#27 C:\laragon\www\peminjaman-buku\vendor\laravel\framework\src\Illuminate\Routing\Router.php(753): Illuminate\Routing\Router->dispatchToRoute(Object(Illuminate\Http\Request))
#28 C:\laragon\www\peminjaman-buku\vendor\laravel\framework\src\Illuminate\Foundation\Http\Kernel.php(200): Illuminate\Routing\Router->dispatch(Object(Illuminate\Http\Request))
#29 C:\laragon\www\peminjaman-buku\vendor\laravel\framework\src\Illuminate\Pipeline\Pipeline.php(180): Illuminate\Foundation\Http\Kernel->Illuminate\Foundation\Http\{closure}(Object(Illuminate\Http\Request))
#30 C:\laragon\www\peminjaman-buku\vendor\laravel\framework\src\Illuminate\Foundation\Http\Middleware\TransformsRequest.php(21): Illuminate\Pipeline\Pipeline->Illuminate\Pipeline\{closure}(Object(Illuminate\Http\Request))
#31 C:\laragon\www\peminjaman-buku\vendor\laravel\framework\src\Illuminate\Foundation\Http\Middleware\ConvertEmptyStringsToNull.php(31): Illuminate\Foundation\Http\Middleware\TransformsRequest->handle(Object(Illuminate\Http\Request), Object(Closure))
#32 C:\laragon\www\peminjaman-buku\vendor\laravel\framework\src\Illuminate\Pipeline\Pipeline.php(219): Illuminate\Foundation\Http\Middleware\ConvertEmptyStringsToNull->handle(Object(Illuminate\Http\Request), Object(Closure))
#33 C:\laragon\www\peminjaman-buku\vendor\laravel\framework\src\Illuminate\Foundation\Http\Middleware\TransformsRequest.php(21): Illuminate\Pipeline\Pipeline->Illuminate\Pipeline\{closure}(Object(Illuminate\Http\Request))
#34 C:\laragon\www\peminjaman-buku\vendor\laravel\framework\src\Illuminate\Foundation\Http\Middleware\TrimStrings.php(51): Illuminate\Foundation\Http\Middleware\TransformsRequest->handle(Object(Illuminate\Http\Request), Object(Closure))
#35 C:\laragon\www\peminjaman-buku\vendor\laravel\framework\src\Illuminate\Pipeline\Pipeline.php(219): Illuminate\Foundation\Http\Middleware\TrimStrings->handle(Object(Illuminate\Http\Request), Object(Closure))
#36 C:\laragon\www\peminjaman-buku\vendor\laravel\framework\src\Illuminate\Http\Middleware\ValidatePostSize.php(27): Illuminate\Pipeline\Pipeline->Illuminate\Pipeline\{closure}(Object(Illuminate\Http\Request))
#37 C:\laragon\www\peminjaman-buku\vendor\laravel\framework\src\Illuminate\Pipeline\Pipeline.php(219): Illuminate\Http\Middleware\ValidatePostSize->handle(Object(Illuminate\Http\Request), Object(Closure))
#38 C:\laragon\www\peminjaman-buku\vendor\laravel\framework\src\Illuminate\Foundation\Http\Middleware\PreventRequestsDuringMaintenance.php(109): Illuminate\Pipeline\Pipeline->Illuminate\Pipeline\{closure}(Object(Illuminate\Http\Request))
#39 C:\laragon\www\peminjaman-buku\vendor\laravel\framework\src\Illuminate\Pipeline\Pipeline.php(219): Illuminate\Foundation\Http\Middleware\PreventRequestsDuringMaintenance->handle(Object(Illuminate\Http\Request), Object(Closure))
#40 C:\laragon\www\peminjaman-buku\vendor\laravel\framework\src\Illuminate\Http\Middleware\HandleCors.php(61): Illuminate\Pipeline\Pipeline->Illuminate\Pipeline\{closure}(Object(Illuminate\Http\Request))
#41 C:\laragon\www\peminjaman-buku\vendor\laravel\framework\src\Illuminate\Pipeline\Pipeline.php(219): Illuminate\Http\Middleware\HandleCors->handle(Object(Illuminate\Http\Request), Object(Closure))
#42 C:\laragon\www\peminjaman-buku\vendor\laravel\framework\src\Illuminate\Http\Middleware\TrustProxies.php(58): Illuminate\Pipeline\Pipeline->Illuminate\Pipeline\{closure}(Object(Illuminate\Http\Request))
#43 C:\laragon\www\peminjaman-buku\vendor\laravel\framework\src\Illuminate\Pipeline\Pipeline.php(219): Illuminate\Http\Middleware\TrustProxies->handle(Object(Illuminate\Http\Request), Object(Closure))
#44 C:\laragon\www\peminjaman-buku\vendor\laravel\framework\src\Illuminate\Foundation\Http\Middleware\InvokeDeferredCallbacks.php(22): Illuminate\Pipeline\Pipeline->Illuminate\Pipeline\{closure}(Object(Illuminate\Http\Request))
#45 C:\laragon\www\peminjaman-buku\vendor\laravel\framework\src\Illuminate\Pipeline\Pipeline.php(219): Illuminate\Foundation\Http\Middleware\InvokeDeferredCallbacks->handle(Object(Illuminate\Http\Request), Object(Closure))
#46 C:\laragon\www\peminjaman-buku\vendor\laravel\framework\src\Illuminate\Http\Middleware\ValidatePathEncoding.php(28): Illuminate\Pipeline\Pipeline->Illuminate\Pipeline\{closure}(Object(Illuminate\Http\Request))
#47 C:\laragon\www\peminjaman-buku\vendor\laravel\framework\src\Illuminate\Pipeline\Pipeline.php(219): Illuminate\Http\Middleware\ValidatePathEncoding->handle(Object(Illuminate\Http\Request), Object(Closure))
#48 C:\laragon\www\peminjaman-buku\vendor\laravel\framework\src\Illuminate\Pipeline\Pipeline.php(137): Illuminate\Pipeline\Pipeline->Illuminate\Pipeline\{closure}(Object(Illuminate\Http\Request))
#49 C:\laragon\www\peminjaman-buku\vendor\laravel\framework\src\Illuminate\Foundation\Http\Kernel.php(175): Illuminate\Pipeline\Pipeline->then(Object(Closure))
#50 C:\laragon\www\peminjaman-buku\vendor\laravel\framework\src\Illuminate\Foundation\Http\Kernel.php(144): Illuminate\Foundation\Http\Kernel->sendRequestThroughRouter(Object(Illuminate\Http\Request))
#51 C:\laragon\www\peminjaman-buku\vendor\laravel\framework\src\Illuminate\Foundation\Testing\Concerns\MakesHttpRequests.php(607): Illuminate\Foundation\Http\Kernel->handle(Object(Illuminate\Http\Request))
#52 C:\laragon\www\peminjaman-buku\vendor\laravel\framework\src\Illuminate\Foundation\Testing\Concerns\MakesHttpRequests.php(427): Illuminate\Foundation\Testing\TestCase->call('PUT', '/admin/denda', Array, Array, Array, Array)
#53 C:\laragon\www\peminjaman-buku\tests\Feature\DendaSettingTest.php(28): Illuminate\Foundation\Testing\TestCase->put('/admin/denda', Array)
#54 C:\laragon\www\peminjaman-buku\vendor\phpunit\phpunit\src\Framework\TestCase.php(1335): Tests\Feature\DendaSettingTest->test_admin_can_update_denda_settings()
#55 C:\laragon\www\peminjaman-buku\vendor\phpunit\phpunit\src\Framework\TestCase.php(519): PHPUnit\Framework\TestCase->runTest()
#56 C:\laragon\www\peminjaman-buku\vendor\phpunit\phpunit\src\Framework\TestRunner\TestRunner.php(99): PHPUnit\Framework\TestCase->runBare()
#57 C:\laragon\www\peminjaman-buku\vendor\phpunit\phpunit\src\Framework\TestCase.php(359): PHPUnit\Framework\TestRunner->run(Object(Tests\Feature\DendaSettingTest))
#58 C:\laragon\www\peminjaman-buku\vendor\phpunit\phpunit\src\Framework\TestSuite.php(374): PHPUnit\Framework\TestCase->run()
#59 C:\laragon\www\peminjaman-buku\vendor\phpunit\phpunit\src\TextUI\TestRunner.php(64): PHPUnit\Framework\TestSuite->run()
#60 C:\laragon\www\peminjaman-buku\vendor\phpunit\phpunit\src\TextUI\Application.php(229): PHPUnit\TextUI\TestRunner->run(Object(PHPUnit\TextUI\Configuration\Configuration), Object(PHPUnit\Runner\ResultCache\DefaultResultCache), Object(PHPUnit\Framework\TestSuite))
#61 C:\laragon\www\peminjaman-buku\vendor\pestphp\pest\src\Kernel.php(103): PHPUnit\TextUI\Application->run(Array)
#62 C:\laragon\www\peminjaman-buku\vendor\pestphp\pest\bin\pest(195): Pest\Kernel->handle(Array, Array)
#63 C:\laragon\www\peminjaman-buku\vendor\pestphp\pest\bin\pest(203): {closure}()
#64 {main}

----------------------------------------------------------------------------------

Method Illuminate\Http\Request::validated does not exist.[39;22m

  at [32mtests\Feature\DendaSettingTest.php[39m:[32m34[39m
     30Γûò             'no_rekening'    => 'BCA 1234567890',
     31Γûò             'nama_rekening'  => 'Sekolah Test',
     32Γûò         ]);
     33Γûò 
  Γ₧£  34Γûò         $response->assertRedirect();
     35Γûò         $response->assertSessionHas('success');
     36Γûò 
     37Γûò         $this->assertDatabaseHas('denda_settings', [
     38Γûò             'denda_per_hari' => 10000,

  [31mΓöÇΓöÇΓöÇΓöÇΓöÇΓöÇΓöÇΓöÇΓöÇΓöÇΓöÇΓöÇΓöÇΓöÇΓöÇΓöÇΓöÇΓöÇΓöÇΓöÇΓöÇΓöÇΓöÇΓöÇΓöÇΓöÇΓöÇΓöÇΓöÇΓöÇΓöÇΓöÇΓöÇΓöÇΓöÇΓöÇΓöÇΓöÇΓöÇΓöÇΓöÇΓöÇΓöÇΓöÇΓöÇΓöÇΓöÇΓöÇΓöÇΓöÇΓöÇΓöÇΓöÇΓöÇΓöÇΓöÇΓöÇΓöÇΓöÇΓöÇΓöÇΓöÇΓöÇΓöÇΓöÇΓöÇΓöÇΓöÇΓöÇΓöÇΓöÇΓöÇΓöÇΓöÇΓöÇΓöÇ[39m  
  [41;1m FAILED [49;22m [1mTests\Feature\DendaSettingTest[22m [90m>[39m default denda setting exists        
[39;1m  Failed asserting that null is not null.[39;22m

  at [32mtests\Feature\DendaSettingTest.php[39m:[32m57[39m
     53Γûò     public function test_default_denda_setting_exists()
     54Γûò     {
     55Γûò         $denda = DendaSetting::first();
     56Γûò 
  Γ₧£  57Γûò         $this->assertNotNull($denda);
     58Γûò         $this->assertEquals(5000, $denda->denda_per_hari);
     59Γûò     }
     60Γûò }
     61Γûò

  [33m1   [39m[39;1mtests\Feature\DendaSettingTest.php[39;22m:[39;1m57[39;22m


  [90mTests:[39m    [31;1m2 failed[39;22m[90m,[39m[39m [39m[32;1m2 passed[39;22m[90m (5 assertions)[39m
  [90mDuration:[39m [39m0.96s[39m

